[prostaprime.trustednutraproduct.com/v1/Thankyou.html]
[prostaprime.trustednutraproduct.com/v1/lib/img/2nd.png]
[backblue.gif]
[fade.gif]
[index.html]
[prostaprime.trustednutraproduct.com/v1/Thankyou.html]
[prostaprime.trustednutraproduct.com/v1/index.html]
[prostaprime.trustednutraproduct.com/v1/lib/css/style.css]
[prostaprime.trustednutraproduct.com/v1/lib/img/logo.png]
[prostaprime.trustednutraproduct.com/v1/lib/img/scientist.jpg]
[prostaprime.trustednutraproduct.com/v1/lib/img/truck.svg]
[prostaprime.trustednutraproduct.com/v1/lib/img/prod1.png]
[prostaprime.trustednutraproduct.com/v1/lib/img/credit-cards.png]
[prostaprime.trustednutraproduct.com/v1/lib/img/6-bottles.png]
[prostaprime.trustednutraproduct.com/v1/lib/img/3-bottle-buy-btn.png]
[prostaprime.trustednutraproduct.com/v1/lib/img/bottle_img.png]
[prostaprime.trustednutraproduct.com/v1/lib/img/free-shipping.png]
[prostaprime.trustednutraproduct.com/v1/lib/img/icon-7.svg]
[prostaprime.trustednutraproduct.com/v1/lib/img/men-thinking.jpg]
[prostaprime.trustednutraproduct.com/v1/lib/img/bottle.png]
[prostaprime.trustednutraproduct.com/v1/lib/img/ingredient_1.jpg]
[prostaprime.trustednutraproduct.com/v1/lib/img/ingredient_2.jpg]
[prostaprime.trustednutraproduct.com/v1/lib/img/ingredient_3.jpg]
[prostaprime.trustednutraproduct.com/v1/lib/img/ingredient_4.jpg]
[prostaprime.trustednutraproduct.com/v1/lib/img/ingredient_5.jpg]
[prostaprime.trustednutraproduct.com/v1/lib/img/ingredient_6.jpg]
[prostaprime.trustednutraproduct.com/v1/lib/img/ingredient_7.jpg]
[prostaprime.trustednutraproduct.com/v1/lib/img/ingredient_8.jpg]
[prostaprime.trustednutraproduct.com/v1/lib/img/manufactured-usa.png.png]
[prostaprime.trustednutraproduct.com/v1/lib/img/fda-facility.png.png]
[prostaprime.trustednutraproduct.com/v1/lib/img/cgmp.png.png]
[prostaprime.trustednutraproduct.com/v1/lib/img/gf.png.png]
[prostaprime.trustednutraproduct.com/v1/lib/img/bpa-free.png.png]
[prostaprime.trustednutraproduct.com/v1/lib/img/non-gmo.png.png]
[prostaprime.trustednutraproduct.com/v1/lib/img/soy-free.png.png]
[prostaprime.trustednutraproduct.com/v1/lib/img/pure.png.png]
[prostaprime.trustednutraproduct.com/v1/lib/img/dairy-free.png.png]
[prostaprime.trustednutraproduct.com/v1/lib/img/nut-free.png.png]
[prostaprime.trustednutraproduct.com/v1/lib/img/crustacean.png.png]
[prostaprime.trustednutraproduct.com/v1/lib/img/egg-free.png.png]
[prostaprime.trustednutraproduct.com/v1/lib/img/label1.jpg]
[prostaprime.trustednutraproduct.com/v1/lib/img/section_shed_pounds.png]
[prostaprime.trustednutraproduct.com/video/lib/img/icons/ref_1.png]
[prostaprime.trustednutraproduct.com/video/lib/img/icons/ref_3.png]
[prostaprime.trustednutraproduct.com/video/lib/img/icons/ref_4.png]
[prostaprime.trustednutraproduct.com/v1/Terms & Conditions.html]
[prostaprime.trustednutraproduct.com/v1/Privacy policy.html]
[prostaprime.trustednutraproduct.com/v1/Return Policy.html]
[prostaprime.trustednutraproduct.com/v1/popup/img/img/1bottle.png]
[prostaprime.trustednutraproduct.com/v1/popup/css/style1.css]
[prostaprime.trustednutraproduct.com/v1/popup/js/jquery-3.5.1.min.js]
[prostaprime.trustednutraproduct.com/v1/popup/js/slick.min.js]
[prostaprime.trustednutraproduct.com/v1/popup/js/social-proof.js]
[prostaprime.trustednutraproduct.com/v1/popup/js/scripts.js]
[prostaprime.trustednutraproduct.com/v1/popup/js/jquery.mask.min5e1f5e1f.js]
[prostaprime.trustednutraproduct.com/v1/popup/bmf/assets/js/jquery.autocomplete.min.js]
[prostaprime.trustednutraproduct.com/v1/index.html]
[prostaprime.trustednutraproduct.com/v1/lib/css/style.css]
[prostaprime.trustednutraproduct.com/v1/lib/img/truck.svg]
[prostaprime.trustednutraproduct.com/v1/lib/img/icon-7.svg]
[prostaprime.trustednutraproduct.com/v1/Terms & Conditions.html]
[prostaprime.trustednutraproduct.com/v1/Privacy policy.html]
[prostaprime.trustednutraproduct.com/v1/Return Policy.html]
[prostaprime.trustednutraproduct.com/v1/Contact.html]
[prostaprime.trustednutraproduct.com/v1/lib/img/6-bottles.png]
[prostaprime.trustednutraproduct.com/v1/lib/img/3-bottle-buy-btn.png]
[prostaprime.trustednutraproduct.com/v1/lib/img/bottle_img.png]
[prostaprime.trustednutraproduct.com/v1/popup/css/style1.css]
[prostaprime.trustednutraproduct.com/v1/images/icon-loading.html]
[prostaprime.trustednutraproduct.com/v1/popup/images/model.html]
[prostaprime.trustednutraproduct.com/v1/popup/images/sprite1.html]
[prostaprime.trustednutraproduct.com/v1/popup/images/BHB.html]
[prostaprime.trustednutraproduct.com/v1/popup/images/arrow-btn.html]
[prostaprime.trustednutraproduct.com/v1/popup/images/product.html]
[prostaprime.trustednutraproduct.com/v1/lib/img/3-bottle-buy-btn.png]
